###########################################################
####               ICTC Regression Report              ####
###########################################################
Total testcase run: 12
Passed            : 9
Failed            : 3
Unknown           : 0
Used time         : -1786817150s
-----------------------------------------------------------
Run log detail:
log/error_any_data_bit_test_1.log: => Failed
log/error_any_data_bit_test_1.log: => Failed
log/error_baud_test_1.log: => Failed
log/error_baud_test_1.log: => Passed
log/error_parity_bit_test_1.log: => Passed
log/error_parity_bit_test_1.log: => Passed
log/error_stop_bit_test_1.log: => Passed
log/error_stop_bit_test_1.log: => Passed
log/full_data_9_bit_test_1.log: => Passed
log/full_data_9_bit_test_1.log: => Passed
log/half_trans_6_bit_test_1.log: => Passed
log/half_trans_6_bit_test_1.log: => Passed
-----------------------------------------------------------
